  Determining projects to restore...
  All projects are up-to-date for restore.
  SheoxEcommerce.Domain -> C:\Users\user\OneDrive\Desktop\ShoexEcommerce\SheoxEcommerce.Domain\bin\Debug\net8.0\SheoxEcommerce.Domain.dll
  SheoxEcommerce.Application -> C:\Users\user\OneDrive\Desktop\ShoexEcommerce\SheoxEcommerce.Application\bin\Debug\net8.0\SheoxEcommerce.Application.dll
  SheoxEcommerce.Infrastructure -> C:\Users\user\OneDrive\Desktop\ShoexEcommerce\SheoxEcommerce.Infrastructure\bin\Debug\net8.0\SheoxEcommerce.Infrastructure.dll
C:\Program Files\dotnet\sdk\10.0.103\Microsoft.Common.CurrentVersion.targets(5080,5): warning MSB3026: Could not copy "C:\Users\user\OneDrive\Desktop\ShoexEcommerce\SheoxEcommerce.Infrastructure\bin\Debug\net8.0\SheoxEcommerce.Infrastructure.dll" to "bin\Debug\net8.0\SheoxEcommerce.Infrastructure.dll". Beginning retry 1 in 1000ms. The process cannot access the file 'C:\Users\user\OneDrive\Desktop\ShoexEcommerce\ShoexEcommerce\bin\Debug\net8.0\SheoxEcommerce.Infrastructure.dll' because it is being used by another process. The file is locked by: "ShoexEcommerce.API (1308)" [C:\Users\user\OneDrive\Desktop\ShoexEcommerce\ShoexEcommerce\ShoexEcommerce.API.csproj]
C:\Program Files\dotnet\sdk\10.0.103\Microsoft.Common.CurrentVersion.targets(5080,5): warning MSB3026: Could not copy "C:\Users\user\OneDrive\Desktop\ShoexEcommerce\SheoxEcommerce.Application\bin\Debug\net8.0\SheoxEcommerce.Application.dll" to "bin\Debug\net8.0\SheoxEcommerce.Application.dll". Beginning retry 1 in 1000ms. The process cannot access the file 'C:\Users\user\OneDrive\Desktop\ShoexEcommerce\ShoexEcommerce\bin\Debug\net8.0\SheoxEcommerce.Application.dll' because it is being used by another process. The file is locked by: "ShoexEcommerce.API (1308)" [C:\Users\user\OneDrive\Desktop\ShoexEcommerce\ShoexEcommerce\ShoexEcommerce.API.csproj]
C:\Program Files\dotnet\sdk\10.0.103\Microsoft.Common.CurrentVersion.targets(5080,5): warning MSB3026: Could not copy "C:\Users\user\OneDrive\Desktop\ShoexEcommerce\SheoxEcommerce.Application\bin\Debug\net8.0\SheoxEcommerce.Application.dll" to "bin\Debug\net8.0\SheoxEcommerce.Application.dll". Beginning retry 2 in 1000ms. The process cannot access the file 'C:\Users\user\OneDrive\Desktop\ShoexEcommerce\ShoexEcommerce\bin\Debug\net8.0\SheoxEcommerce.Application.dll' because it is being used by another process. The file is locked by: "ShoexEcommerce.API (1308)" [C:\Users\user\OneDrive\Desktop\ShoexEcommerce\ShoexEcommerce\ShoexEcommerce.API.csproj]
C:\Program Files\dotnet\sdk\10.0.103\Microsoft.Common.CurrentVersion.targets(5080,5): warning MSB3026: Could not copy "C:\Users\user\OneDrive\Desktop\ShoexEcommerce\SheoxEcommerce.Infrastructure\bin\Debug\net8.0\SheoxEcommerce.Infrastructure.dll" to "bin\Debug\net8.0\SheoxEcommerce.Infrastructure.dll". Beginning retry 2 in 1000ms. The process cannot access the file 'C:\Users\user\OneDrive\Desktop\ShoexEcommerce\ShoexEcommerce\bin\Debug\net8.0\SheoxEcommerce.Infrastructure.dll' because it is being used by another process. The file is locked by: "ShoexEcommerce.API (1308)" [C:\Users\user\OneDrive\Desktop\ShoexEcommerce\ShoexEcommerce\ShoexEcommerce.API.csproj]
C:\Program Files\dotnet\sdk\10.0.103\Microsoft.Common.CurrentVersion.targets(5080,5): warning MSB3026: Could not copy "C:\Users\user\OneDrive\Desktop\ShoexEcommerce\SheoxEcommerce.Infrastructure\bin\Debug\net8.0\SheoxEcommerce.Infrastructure.dll" to "bin\Debug\net8.0\SheoxEcommerce.Infrastructure.dll". Beginning retry 3 in 1000ms. The process cannot access the file 'C:\Users\user\OneDrive\Desktop\ShoexEcommerce\ShoexEcommerce\bin\Debug\net8.0\SheoxEcommerce.Infrastructure.dll' because it is being used by another process. The file is locked by: "ShoexEcommerce.API (1308)" [C:\Users\user\OneDrive\Desktop\ShoexEcommerce\ShoexEcommerce\ShoexEcommerce.API.csproj]
C:\Program Files\dotnet\sdk\10.0.103\Microsoft.Common.CurrentVersion.targets(5080,5): warning MSB3026: Could not copy "C:\Users\user\OneDrive\Desktop\ShoexEcommerce\SheoxEcommerce.Application\bin\Debug\net8.0\SheoxEcommerce.Application.dll" to "bin\Debug\net8.0\SheoxEcommerce.Application.dll". Beginning retry 3 in 1000ms. The process cannot access the file 'C:\Users\user\OneDrive\Desktop\ShoexEcommerce\ShoexEcommerce\bin\Debug\net8.0\SheoxEcommerce.Application.dll' because it is being used by another process. The file is locked by: "ShoexEcommerce.API (1308)" [C:\Users\user\OneDrive\Desktop\ShoexEcommerce\ShoexEcommerce\ShoexEcommerce.API.csproj]
C:\Program Files\dotnet\sdk\10.0.103\Microsoft.Common.CurrentVersion.targets(5080,5): warning MSB3026: Could not copy "C:\Users\user\OneDrive\Desktop\ShoexEcommerce\SheoxEcommerce.Application\bin\Debug\net8.0\SheoxEcommerce.Application.dll" to "bin\Debug\net8.0\SheoxEcommerce.Application.dll". Beginning retry 4 in 1000ms. The process cannot access the file 'C:\Users\user\OneDrive\Desktop\ShoexEcommerce\ShoexEcommerce\bin\Debug\net8.0\SheoxEcommerce.Application.dll' because it is being used by another process. The file is locked by: "ShoexEcommerce.API (1308)" [C:\Users\user\OneDrive\Desktop\ShoexEcommerce\ShoexEcommerce\ShoexEcommerce.API.csproj]
C:\Program Files\dotnet\sdk\10.0.103\Microsoft.Common.CurrentVersion.targets(5080,5): warning MSB3026: Could not copy "C:\Users\user\OneDrive\Desktop\ShoexEcommerce\SheoxEcommerce.Infrastructure\bin\Debug\net8.0\SheoxEcommerce.Infrastructure.dll" to "bin\Debug\net8.0\SheoxEcommerce.Infrastructure.dll". Beginning retry 4 in 1000ms. The process cannot access the file 'C:\Users\user\OneDrive\Desktop\ShoexEcommerce\ShoexEcommerce\bin\Debug\net8.0\SheoxEcommerce.Infrastructure.dll' because it is being used by another process. The file is locked by: "ShoexEcommerce.API (1308)" [C:\Users\user\OneDrive\Desktop\ShoexEcommerce\ShoexEcommerce\ShoexEcommerce.API.csproj]
C:\Program Files\dotnet\sdk\10.0.103\Microsoft.Common.CurrentVersion.targets(5080,5): warning MSB3026: Could not copy "C:\Users\user\OneDrive\Desktop\ShoexEcommerce\SheoxEcommerce.Application\bin\Debug\net8.0\SheoxEcommerce.Application.dll" to "bin\Debug\net8.0\SheoxEcommerce.Application.dll". Beginning retry 5 in 1000ms. The process cannot access the file 'C:\Users\user\OneDrive\Desktop\ShoexEcommerce\ShoexEcommerce\bin\Debug\net8.0\SheoxEcommerce.Application.dll' because it is being used by another process. The file is locked by: "ShoexEcommerce.API (1308)" [C:\Users\user\OneDrive\Desktop\ShoexEcommerce\ShoexEcommerce\ShoexEcommerce.API.csproj]
C:\Program Files\dotnet\sdk\10.0.103\Microsoft.Common.CurrentVersion.targets(5080,5): warning MSB3026: Could not copy "C:\Users\user\OneDrive\Desktop\ShoexEcommerce\SheoxEcommerce.Infrastructure\bin\Debug\net8.0\SheoxEcommerce.Infrastructure.dll" to "bin\Debug\net8.0\SheoxEcommerce.Infrastructure.dll". Beginning retry 5 in 1000ms. The process cannot access the file 'C:\Users\user\OneDrive\Desktop\ShoexEcommerce\ShoexEcommerce\bin\Debug\net8.0\SheoxEcommerce.Infrastructure.dll' because it is being used by another process. The file is locked by: "ShoexEcommerce.API (1308)" [C:\Users\user\OneDrive\Desktop\ShoexEcommerce\ShoexEcommerce\ShoexEcommerce.API.csproj]
C:\Program Files\dotnet\sdk\10.0.103\Microsoft.Common.CurrentVersion.targets(5080,5): warning MSB3026: Could not copy "C:\Users\user\OneDrive\Desktop\ShoexEcommerce\SheoxEcommerce.Infrastructure\bin\Debug\net8.0\SheoxEcommerce.Infrastructure.dll" to "bin\Debug\net8.0\SheoxEcommerce.Infrastructure.dll". Beginning retry 6 in 1000ms. The process cannot access the file 'C:\Users\user\OneDrive\Desktop\ShoexEcommerce\ShoexEcommerce\bin\Debug\net8.0\SheoxEcommerce.Infrastructure.dll' because it is being used by another process. The file is locked by: "ShoexEcommerce.API (1308)" [C:\Users\user\OneDrive\Desktop\ShoexEcommerce\ShoexEcommerce\ShoexEcommerce.API.csproj]
C:\Program Files\dotnet\sdk\10.0.103\Microsoft.Common.CurrentVersion.targets(5080,5): warning MSB3026: Could not copy "C:\Users\user\OneDrive\Desktop\ShoexEcommerce\SheoxEcommerce.Application\bin\Debug\net8.0\SheoxEcommerce.Application.dll" to "bin\Debug\net8.0\SheoxEcommerce.Application.dll". Beginning retry 6 in 1000ms. The process cannot access the file 'C:\Users\user\OneDrive\Desktop\ShoexEcommerce\ShoexEcommerce\bin\Debug\net8.0\SheoxEcommerce.Application.dll' because it is being used by another process. The file is locked by: "ShoexEcommerce.API (1308)" [C:\Users\user\OneDrive\Desktop\ShoexEcommerce\ShoexEcommerce\ShoexEcommerce.API.csproj]
C:\Program Files\dotnet\sdk\10.0.103\Microsoft.Common.CurrentVersion.targets(5080,5): warning MSB3026: Could not copy "C:\Users\user\OneDrive\Desktop\ShoexEcommerce\SheoxEcommerce.Infrastructure\bin\Debug\net8.0\SheoxEcommerce.Infrastructure.dll" to "bin\Debug\net8.0\SheoxEcommerce.Infrastructure.dll". Beginning retry 7 in 1000ms. The process cannot access the file 'C:\Users\user\OneDrive\Desktop\ShoexEcommerce\ShoexEcommerce\bin\Debug\net8.0\SheoxEcommerce.Infrastructure.dll' because it is being used by another process. The file is locked by: "ShoexEcommerce.API (1308)" [C:\Users\user\OneDrive\Desktop\ShoexEcommerce\ShoexEcommerce\ShoexEcommerce.API.csproj]
C:\Program Files\dotnet\sdk\10.0.103\Microsoft.Common.CurrentVersion.targets(5080,5): warning MSB3026: Could not copy "C:\Users\user\OneDrive\Desktop\ShoexEcommerce\SheoxEcommerce.Application\bin\Debug\net8.0\SheoxEcommerce.Application.dll" to "bin\Debug\net8.0\SheoxEcommerce.Application.dll". Beginning retry 7 in 1000ms. The process cannot access the file 'C:\Users\user\OneDrive\Desktop\ShoexEcommerce\ShoexEcommerce\bin\Debug\net8.0\SheoxEcommerce.Application.dll' because it is being used by another process. The file is locked by: "ShoexEcommerce.API (1308)" [C:\Users\user\OneDrive\Desktop\ShoexEcommerce\ShoexEcommerce\ShoexEcommerce.API.csproj]
C:\Program Files\dotnet\sdk\10.0.103\Microsoft.Common.CurrentVersion.targets(5080,5): warning MSB3026: Could not copy "C:\Users\user\OneDrive\Desktop\ShoexEcommerce\SheoxEcommerce.Infrastructure\bin\Debug\net8.0\SheoxEcommerce.Infrastructure.dll" to "bin\Debug\net8.0\SheoxEcommerce.Infrastructure.dll". Beginning retry 8 in 1000ms. The process cannot access the file 'C:\Users\user\OneDrive\Desktop\ShoexEcommerce\ShoexEcommerce\bin\Debug\net8.0\SheoxEcommerce.Infrastructure.dll' because it is being used by another process. The file is locked by: "ShoexEcommerce.API (1308)" [C:\Users\user\OneDrive\Desktop\ShoexEcommerce\ShoexEcommerce\ShoexEcommerce.API.csproj]
C:\Program Files\dotnet\sdk\10.0.103\Microsoft.Common.CurrentVersion.targets(5080,5): warning MSB3026: Could not copy "C:\Users\user\OneDrive\Desktop\ShoexEcommerce\SheoxEcommerce.Application\bin\Debug\net8.0\SheoxEcommerce.Application.dll" to "bin\Debug\net8.0\SheoxEcommerce.Application.dll". Beginning retry 8 in 1000ms. The process cannot access the file 'C:\Users\user\OneDrive\Desktop\ShoexEcommerce\ShoexEcommerce\bin\Debug\net8.0\SheoxEcommerce.Application.dll' because it is being used by another process. The file is locked by: "ShoexEcommerce.API (1308)" [C:\Users\user\OneDrive\Desktop\ShoexEcommerce\ShoexEcommerce\ShoexEcommerce.API.csproj]
C:\Program Files\dotnet\sdk\10.0.103\Microsoft.Common.CurrentVersion.targets(5080,5): warning MSB3026: Could not copy "C:\Users\user\OneDrive\Desktop\ShoexEcommerce\SheoxEcommerce.Infrastructure\bin\Debug\net8.0\SheoxEcommerce.Infrastructure.dll" to "bin\Debug\net8.0\SheoxEcommerce.Infrastructure.dll". Beginning retry 9 in 1000ms. The process cannot access the file 'C:\Users\user\OneDrive\Desktop\ShoexEcommerce\ShoexEcommerce\bin\Debug\net8.0\SheoxEcommerce.Infrastructure.dll' because it is being used by another process. The file is locked by: "ShoexEcommerce.API (1308)" [C:\Users\user\OneDrive\Desktop\ShoexEcommerce\ShoexEcommerce\ShoexEcommerce.API.csproj]
C:\Program Files\dotnet\sdk\10.0.103\Microsoft.Common.CurrentVersion.targets(5080,5): warning MSB3026: Could not copy "C:\Users\user\OneDrive\Desktop\ShoexEcommerce\SheoxEcommerce.Application\bin\Debug\net8.0\SheoxEcommerce.Application.dll" to "bin\Debug\net8.0\SheoxEcommerce.Application.dll". Beginning retry 9 in 1000ms. The process cannot access the file 'C:\Users\user\OneDrive\Desktop\ShoexEcommerce\ShoexEcommerce\bin\Debug\net8.0\SheoxEcommerce.Application.dll' because it is being used by another process. The file is locked by: "ShoexEcommerce.API (1308)" [C:\Users\user\OneDrive\Desktop\ShoexEcommerce\ShoexEcommerce\ShoexEcommerce.API.csproj]
C:\Program Files\dotnet\sdk\10.0.103\Microsoft.Common.CurrentVersion.targets(5080,5): warning MSB3026: Could not copy "C:\Users\user\OneDrive\Desktop\ShoexEcommerce\SheoxEcommerce.Application\bin\Debug\net8.0\SheoxEcommerce.Application.dll" to "bin\Debug\net8.0\SheoxEcommerce.Application.dll". Beginning retry 10 in 1000ms. The process cannot access the file 'C:\Users\user\OneDrive\Desktop\ShoexEcommerce\ShoexEcommerce\bin\Debug\net8.0\SheoxEcommerce.Application.dll' because it is being used by another process. The file is locked by: "ShoexEcommerce.API (1308)" [C:\Users\user\OneDrive\Desktop\ShoexEcommerce\ShoexEcommerce\ShoexEcommerce.API.csproj]
C:\Program Files\dotnet\sdk\10.0.103\Microsoft.Common.CurrentVersion.targets(5080,5): warning MSB3026: Could not copy "C:\Users\user\OneDrive\Desktop\ShoexEcommerce\SheoxEcommerce.Infrastructure\bin\Debug\net8.0\SheoxEcommerce.Infrastructure.dll" to "bin\Debug\net8.0\SheoxEcommerce.Infrastructure.dll". Beginning retry 10 in 1000ms. The process cannot access the file 'C:\Users\user\OneDrive\Desktop\ShoexEcommerce\ShoexEcommerce\bin\Debug\net8.0\SheoxEcommerce.Infrastructure.dll' because it is being used by another process. The file is locked by: "ShoexEcommerce.API (1308)" [C:\Users\user\OneDrive\Desktop\ShoexEcommerce\ShoexEcommerce\ShoexEcommerce.API.csproj]
C:\Program Files\dotnet\sdk\10.0.103\Microsoft.Common.CurrentVersion.targets(5080,5): error MSB3027: Could not copy "C:\Users\user\OneDrive\Desktop\ShoexEcommerce\SheoxEcommerce.Application\bin\Debug\net8.0\SheoxEcommerce.Application.dll" to "bin\Debug\net8.0\SheoxEcommerce.Application.dll". Exceeded retry count of 10. Failed. The file is locked by: "ShoexEcommerce.API (1308)" [C:\Users\user\OneDrive\Desktop\ShoexEcommerce\ShoexEcommerce\ShoexEcommerce.API.csproj]
C:\Program Files\dotnet\sdk\10.0.103\Microsoft.Common.CurrentVersion.targets(5080,5): error MSB3027: Could not copy "C:\Users\user\OneDrive\Desktop\ShoexEcommerce\SheoxEcommerce.Infrastructure\bin\Debug\net8.0\SheoxEcommerce.Infrastructure.dll" to "bin\Debug\net8.0\SheoxEcommerce.Infrastructure.dll". Exceeded retry count of 10. Failed. The file is locked by: "ShoexEcommerce.API (1308)" [C:\Users\user\OneDrive\Desktop\ShoexEcommerce\ShoexEcommerce\ShoexEcommerce.API.csproj]
C:\Program Files\dotnet\sdk\10.0.103\Microsoft.Common.CurrentVersion.targets(5080,5): error MSB3021: Unable to copy file "C:\Users\user\OneDrive\Desktop\ShoexEcommerce\SheoxEcommerce.Infrastructure\bin\Debug\net8.0\SheoxEcommerce.Infrastructure.dll" to "bin\Debug\net8.0\SheoxEcommerce.Infrastructure.dll". The process cannot access the file 'C:\Users\user\OneDrive\Desktop\ShoexEcommerce\ShoexEcommerce\bin\Debug\net8.0\SheoxEcommerce.Infrastructure.dll' because it is being used by another process. [C:\Users\user\OneDrive\Desktop\ShoexEcommerce\ShoexEcommerce\ShoexEcommerce.API.csproj]
C:\Program Files\dotnet\sdk\10.0.103\Microsoft.Common.CurrentVersion.targets(5080,5): error MSB3021: Unable to copy file "C:\Users\user\OneDrive\Desktop\ShoexEcommerce\SheoxEcommerce.Application\bin\Debug\net8.0\SheoxEcommerce.Application.dll" to "bin\Debug\net8.0\SheoxEcommerce.Application.dll". The process cannot access the file 'C:\Users\user\OneDrive\Desktop\ShoexEcommerce\ShoexEcommerce\bin\Debug\net8.0\SheoxEcommerce.Application.dll' because it is being used by another process. [C:\Users\user\OneDrive\Desktop\ShoexEcommerce\ShoexEcommerce\ShoexEcommerce.API.csproj]

Build FAILED.

C:\Program Files\dotnet\sdk\10.0.103\Microsoft.Common.CurrentVersion.targets(5080,5): warning MSB3026: Could not copy "C:\Users\user\OneDrive\Desktop\ShoexEcommerce\SheoxEcommerce.Infrastructure\bin\Debug\net8.0\SheoxEcommerce.Infrastructure.dll" to "bin\Debug\net8.0\SheoxEcommerce.Infrastructure.dll". Beginning retry 1 in 1000ms. The process cannot access the file 'C:\Users\user\OneDrive\Desktop\ShoexEcommerce\ShoexEcommerce\bin\Debug\net8.0\SheoxEcommerce.Infrastructure.dll' because it is being used by another process. The file is locked by: "ShoexEcommerce.API (1308)" [C:\Users\user\OneDrive\Desktop\ShoexEcommerce\ShoexEcommerce\ShoexEcommerce.API.csproj]
C:\Program Files\dotnet\sdk\10.0.103\Microsoft.Common.CurrentVersion.targets(5080,5): warning MSB3026: Could not copy "C:\Users\user\OneDrive\Desktop\ShoexEcommerce\SheoxEcommerce.Application\bin\Debug\net8.0\SheoxEcommerce.Application.dll" to "bin\Debug\net8.0\SheoxEcommerce.Application.dll". Beginning retry 1 in 1000ms. The process cannot access the file 'C:\Users\user\OneDrive\Desktop\ShoexEcommerce\ShoexEcommerce\bin\Debug\net8.0\SheoxEcommerce.Application.dll' because it is being used by another process. The file is locked by: "ShoexEcommerce.API (1308)" [C:\Users\user\OneDrive\Desktop\ShoexEcommerce\ShoexEcommerce\ShoexEcommerce.API.csproj]
C:\Program Files\dotnet\sdk\10.0.103\Microsoft.Common.CurrentVersion.targets(5080,5): warning MSB3026: Could not copy "C:\Users\user\OneDrive\Desktop\ShoexEcommerce\SheoxEcommerce.Application\bin\Debug\net8.0\SheoxEcommerce.Application.dll" to "bin\Debug\net8.0\SheoxEcommerce.Application.dll". Beginning retry 2 in 1000ms. The process cannot access the file 'C:\Users\user\OneDrive\Desktop\ShoexEcommerce\ShoexEcommerce\bin\Debug\net8.0\SheoxEcommerce.Application.dll' because it is being used by another process. The file is locked by: "ShoexEcommerce.API (1308)" [C:\Users\user\OneDrive\Desktop\ShoexEcommerce\ShoexEcommerce\ShoexEcommerce.API.csproj]
C:\Program Files\dotnet\sdk\10.0.103\Microsoft.Common.CurrentVersion.targets(5080,5): warning MSB3026: Could not copy "C:\Users\user\OneDrive\Desktop\ShoexEcommerce\SheoxEcommerce.Infrastructure\bin\Debug\net8.0\SheoxEcommerce.Infrastructure.dll" to "bin\Debug\net8.0\SheoxEcommerce.Infrastructure.dll". Beginning retry 2 in 1000ms. The process cannot access the file 'C:\Users\user\OneDrive\Desktop\ShoexEcommerce\ShoexEcommerce\bin\Debug\net8.0\SheoxEcommerce.Infrastructure.dll' because it is being used by another process. The file is locked by: "ShoexEcommerce.API (1308)" [C:\Users\user\OneDrive\Desktop\ShoexEcommerce\ShoexEcommerce\ShoexEcommerce.API.csproj]
C:\Program Files\dotnet\sdk\10.0.103\Microsoft.Common.CurrentVersion.targets(5080,5): warning MSB3026: Could not copy "C:\Users\user\OneDrive\Desktop\ShoexEcommerce\SheoxEcommerce.Infrastructure\bin\Debug\net8.0\SheoxEcommerce.Infrastructure.dll" to "bin\Debug\net8.0\SheoxEcommerce.Infrastructure.dll". Beginning retry 3 in 1000ms. The process cannot access the file 'C:\Users\user\OneDrive\Desktop\ShoexEcommerce\ShoexEcommerce\bin\Debug\net8.0\SheoxEcommerce.Infrastructure.dll' because it is being used by another process. The file is locked by: "ShoexEcommerce.API (1308)" [C:\Users\user\OneDrive\Desktop\ShoexEcommerce\ShoexEcommerce\ShoexEcommerce.API.csproj]
C:\Program Files\dotnet\sdk\10.0.103\Microsoft.Common.CurrentVersion.targets(5080,5): warning MSB3026: Could not copy "C:\Users\user\OneDrive\Desktop\ShoexEcommerce\SheoxEcommerce.Application\bin\Debug\net8.0\SheoxEcommerce.Application.dll" to "bin\Debug\net8.0\SheoxEcommerce.Application.dll". Beginning retry 3 in 1000ms. The process cannot access the file 'C:\Users\user\OneDrive\Desktop\ShoexEcommerce\ShoexEcommerce\bin\Debug\net8.0\SheoxEcommerce.Application.dll' because it is being used by another process. The file is locked by: "ShoexEcommerce.API (1308)" [C:\Users\user\OneDrive\Desktop\ShoexEcommerce\ShoexEcommerce\ShoexEcommerce.API.csproj]
C:\Program Files\dotnet\sdk\10.0.103\Microsoft.Common.CurrentVersion.targets(5080,5): warning MSB3026: Could not copy "C:\Users\user\OneDrive\Desktop\ShoexEcommerce\SheoxEcommerce.Application\bin\Debug\net8.0\SheoxEcommerce.Application.dll" to "bin\Debug\net8.0\SheoxEcommerce.Application.dll". Beginning retry 4 in 1000ms. The process cannot access the file 'C:\Users\user\OneDrive\Desktop\ShoexEcommerce\ShoexEcommerce\bin\Debug\net8.0\SheoxEcommerce.Application.dll' because it is being used by another process. The file is locked by: "ShoexEcommerce.API (1308)" [C:\Users\user\OneDrive\Desktop\ShoexEcommerce\ShoexEcommerce\ShoexEcommerce.API.csproj]
C:\Program Files\dotnet\sdk\10.0.103\Microsoft.Common.CurrentVersion.targets(5080,5): warning MSB3026: Could not copy "C:\Users\user\OneDrive\Desktop\ShoexEcommerce\SheoxEcommerce.Infrastructure\bin\Debug\net8.0\SheoxEcommerce.Infrastructure.dll" to "bin\Debug\net8.0\SheoxEcommerce.Infrastructure.dll". Beginning retry 4 in 1000ms. The process cannot access the file 'C:\Users\user\OneDrive\Desktop\ShoexEcommerce\ShoexEcommerce\bin\Debug\net8.0\SheoxEcommerce.Infrastructure.dll' because it is being used by another process. The file is locked by: "ShoexEcommerce.API (1308)" [C:\Users\user\OneDrive\Desktop\ShoexEcommerce\ShoexEcommerce\ShoexEcommerce.API.csproj]
C:\Program Files\dotnet\sdk\10.0.103\Microsoft.Common.CurrentVersion.targets(5080,5): warning MSB3026: Could not copy "C:\Users\user\OneDrive\Desktop\ShoexEcommerce\SheoxEcommerce.Application\bin\Debug\net8.0\SheoxEcommerce.Application.dll" to "bin\Debug\net8.0\SheoxEcommerce.Application.dll". Beginning retry 5 in 1000ms. The process cannot access the file 'C:\Users\user\OneDrive\Desktop\ShoexEcommerce\ShoexEcommerce\bin\Debug\net8.0\SheoxEcommerce.Application.dll' because it is being used by another process. The file is locked by: "ShoexEcommerce.API (1308)" [C:\Users\user\OneDrive\Desktop\ShoexEcommerce\ShoexEcommerce\ShoexEcommerce.API.csproj]
C:\Program Files\dotnet\sdk\10.0.103\Microsoft.Common.CurrentVersion.targets(5080,5): warning MSB3026: Could not copy "C:\Users\user\OneDrive\Desktop\ShoexEcommerce\SheoxEcommerce.Infrastructure\bin\Debug\net8.0\SheoxEcommerce.Infrastructure.dll" to "bin\Debug\net8.0\SheoxEcommerce.Infrastructure.dll". Beginning retry 5 in 1000ms. The process cannot access the file 'C:\Users\user\OneDrive\Desktop\ShoexEcommerce\ShoexEcommerce\bin\Debug\net8.0\SheoxEcommerce.Infrastructure.dll' because it is being used by another process. The file is locked by: "ShoexEcommerce.API (1308)" [C:\Users\user\OneDrive\Desktop\ShoexEcommerce\ShoexEcommerce\ShoexEcommerce.API.csproj]
C:\Program Files\dotnet\sdk\10.0.103\Microsoft.Common.CurrentVersion.targets(5080,5): warning MSB3026: Could not copy "C:\Users\user\OneDrive\Desktop\ShoexEcommerce\SheoxEcommerce.Infrastructure\bin\Debug\net8.0\SheoxEcommerce.Infrastructure.dll" to "bin\Debug\net8.0\SheoxEcommerce.Infrastructure.dll". Beginning retry 6 in 1000ms. The process cannot access the file 'C:\Users\user\OneDrive\Desktop\ShoexEcommerce\ShoexEcommerce\bin\Debug\net8.0\SheoxEcommerce.Infrastructure.dll' because it is being used by another process. The file is locked by: "ShoexEcommerce.API (1308)" [C:\Users\user\OneDrive\Desktop\ShoexEcommerce\ShoexEcommerce\ShoexEcommerce.API.csproj]
C:\Program Files\dotnet\sdk\10.0.103\Microsoft.Common.CurrentVersion.targets(5080,5): warning MSB3026: Could not copy "C:\Users\user\OneDrive\Desktop\ShoexEcommerce\SheoxEcommerce.Application\bin\Debug\net8.0\SheoxEcommerce.Application.dll" to "bin\Debug\net8.0\SheoxEcommerce.Application.dll". Beginning retry 6 in 1000ms. The process cannot access the file 'C:\Users\user\OneDrive\Desktop\ShoexEcommerce\ShoexEcommerce\bin\Debug\net8.0\SheoxEcommerce.Application.dll' because it is being used by another process. The file is locked by: "ShoexEcommerce.API (1308)" [C:\Users\user\OneDrive\Desktop\ShoexEcommerce\ShoexEcommerce\ShoexEcommerce.API.csproj]
C:\Program Files\dotnet\sdk\10.0.103\Microsoft.Common.CurrentVersion.targets(5080,5): warning MSB3026: Could not copy "C:\Users\user\OneDrive\Desktop\ShoexEcommerce\SheoxEcommerce.Infrastructure\bin\Debug\net8.0\SheoxEcommerce.Infrastructure.dll" to "bin\Debug\net8.0\SheoxEcommerce.Infrastructure.dll". Beginning retry 7 in 1000ms. The process cannot access the file 'C:\Users\user\OneDrive\Desktop\ShoexEcommerce\ShoexEcommerce\bin\Debug\net8.0\SheoxEcommerce.Infrastructure.dll' because it is being used by another process. The file is locked by: "ShoexEcommerce.API (1308)" [C:\Users\user\OneDrive\Desktop\ShoexEcommerce\ShoexEcommerce\ShoexEcommerce.API.csproj]
C:\Program Files\dotnet\sdk\10.0.103\Microsoft.Common.CurrentVersion.targets(5080,5): warning MSB3026: Could not copy "C:\Users\user\OneDrive\Desktop\ShoexEcommerce\SheoxEcommerce.Application\bin\Debug\net8.0\SheoxEcommerce.Application.dll" to "bin\Debug\net8.0\SheoxEcommerce.Application.dll". Beginning retry 7 in 1000ms. The process cannot access the file 'C:\Users\user\OneDrive\Desktop\ShoexEcommerce\ShoexEcommerce\bin\Debug\net8.0\SheoxEcommerce.Application.dll' because it is being used by another process. The file is locked by: "ShoexEcommerce.API (1308)" [C:\Users\user\OneDrive\Desktop\ShoexEcommerce\ShoexEcommerce\ShoexEcommerce.API.csproj]
C:\Program Files\dotnet\sdk\10.0.103\Microsoft.Common.CurrentVersion.targets(5080,5): warning MSB3026: Could not copy "C:\Users\user\OneDrive\Desktop\ShoexEcommerce\SheoxEcommerce.Infrastructure\bin\Debug\net8.0\SheoxEcommerce.Infrastructure.dll" to "bin\Debug\net8.0\SheoxEcommerce.Infrastructure.dll". Beginning retry 8 in 1000ms. The process cannot access the file 'C:\Users\user\OneDrive\Desktop\ShoexEcommerce\ShoexEcommerce\bin\Debug\net8.0\SheoxEcommerce.Infrastructure.dll' because it is being used by another process. The file is locked by: "ShoexEcommerce.API (1308)" [C:\Users\user\OneDrive\Desktop\ShoexEcommerce\ShoexEcommerce\ShoexEcommerce.API.csproj]
C:\Program Files\dotnet\sdk\10.0.103\Microsoft.Common.CurrentVersion.targets(5080,5): warning MSB3026: Could not copy "C:\Users\user\OneDrive\Desktop\ShoexEcommerce\SheoxEcommerce.Application\bin\Debug\net8.0\SheoxEcommerce.Application.dll" to "bin\Debug\net8.0\SheoxEcommerce.Application.dll". Beginning retry 8 in 1000ms. The process cannot access the file 'C:\Users\user\OneDrive\Desktop\ShoexEcommerce\ShoexEcommerce\bin\Debug\net8.0\SheoxEcommerce.Application.dll' because it is being used by another process. The file is locked by: "ShoexEcommerce.API (1308)" [C:\Users\user\OneDrive\Desktop\ShoexEcommerce\ShoexEcommerce\ShoexEcommerce.API.csproj]
C:\Program Files\dotnet\sdk\10.0.103\Microsoft.Common.CurrentVersion.targets(5080,5): warning MSB3026: Could not copy "C:\Users\user\OneDrive\Desktop\ShoexEcommerce\SheoxEcommerce.Infrastructure\bin\Debug\net8.0\SheoxEcommerce.Infrastructure.dll" to "bin\Debug\net8.0\SheoxEcommerce.Infrastructure.dll". Beginning retry 9 in 1000ms. The process cannot access the file 'C:\Users\user\OneDrive\Desktop\ShoexEcommerce\ShoexEcommerce\bin\Debug\net8.0\SheoxEcommerce.Infrastructure.dll' because it is being used by another process. The file is locked by: "ShoexEcommerce.API (1308)" [C:\Users\user\OneDrive\Desktop\ShoexEcommerce\ShoexEcommerce\ShoexEcommerce.API.csproj]
C:\Program Files\dotnet\sdk\10.0.103\Microsoft.Common.CurrentVersion.targets(5080,5): warning MSB3026: Could not copy "C:\Users\user\OneDrive\Desktop\ShoexEcommerce\SheoxEcommerce.Application\bin\Debug\net8.0\SheoxEcommerce.Application.dll" to "bin\Debug\net8.0\SheoxEcommerce.Application.dll". Beginning retry 9 in 1000ms. The process cannot access the file 'C:\Users\user\OneDrive\Desktop\ShoexEcommerce\ShoexEcommerce\bin\Debug\net8.0\SheoxEcommerce.Application.dll' because it is being used by another process. The file is locked by: "ShoexEcommerce.API (1308)" [C:\Users\user\OneDrive\Desktop\ShoexEcommerce\ShoexEcommerce\ShoexEcommerce.API.csproj]
C:\Program Files\dotnet\sdk\10.0.103\Microsoft.Common.CurrentVersion.targets(5080,5): warning MSB3026: Could not copy "C:\Users\user\OneDrive\Desktop\ShoexEcommerce\SheoxEcommerce.Application\bin\Debug\net8.0\SheoxEcommerce.Application.dll" to "bin\Debug\net8.0\SheoxEcommerce.Application.dll". Beginning retry 10 in 1000ms. The process cannot access the file 'C:\Users\user\OneDrive\Desktop\ShoexEcommerce\ShoexEcommerce\bin\Debug\net8.0\SheoxEcommerce.Application.dll' because it is being used by another process. The file is locked by: "ShoexEcommerce.API (1308)" [C:\Users\user\OneDrive\Desktop\ShoexEcommerce\ShoexEcommerce\ShoexEcommerce.API.csproj]
C:\Program Files\dotnet\sdk\10.0.103\Microsoft.Common.CurrentVersion.targets(5080,5): warning MSB3026: Could not copy "C:\Users\user\OneDrive\Desktop\ShoexEcommerce\SheoxEcommerce.Infrastructure\bin\Debug\net8.0\SheoxEcommerce.Infrastructure.dll" to "bin\Debug\net8.0\SheoxEcommerce.Infrastructure.dll". Beginning retry 10 in 1000ms. The process cannot access the file 'C:\Users\user\OneDrive\Desktop\ShoexEcommerce\ShoexEcommerce\bin\Debug\net8.0\SheoxEcommerce.Infrastructure.dll' because it is being used by another process. The file is locked by: "ShoexEcommerce.API (1308)" [C:\Users\user\OneDrive\Desktop\ShoexEcommerce\ShoexEcommerce\ShoexEcommerce.API.csproj]
C:\Program Files\dotnet\sdk\10.0.103\Microsoft.Common.CurrentVersion.targets(5080,5): error MSB3027: Could not copy "C:\Users\user\OneDrive\Desktop\ShoexEcommerce\SheoxEcommerce.Application\bin\Debug\net8.0\SheoxEcommerce.Application.dll" to "bin\Debug\net8.0\SheoxEcommerce.Application.dll". Exceeded retry count of 10. Failed. The file is locked by: "ShoexEcommerce.API (1308)" [C:\Users\user\OneDrive\Desktop\ShoexEcommerce\ShoexEcommerce\ShoexEcommerce.API.csproj]
C:\Program Files\dotnet\sdk\10.0.103\Microsoft.Common.CurrentVersion.targets(5080,5): error MSB3027: Could not copy "C:\Users\user\OneDrive\Desktop\ShoexEcommerce\SheoxEcommerce.Infrastructure\bin\Debug\net8.0\SheoxEcommerce.Infrastructure.dll" to "bin\Debug\net8.0\SheoxEcommerce.Infrastructure.dll". Exceeded retry count of 10. Failed. The file is locked by: "ShoexEcommerce.API (1308)" [C:\Users\user\OneDrive\Desktop\ShoexEcommerce\ShoexEcommerce\ShoexEcommerce.API.csproj]
C:\Program Files\dotnet\sdk\10.0.103\Microsoft.Common.CurrentVersion.targets(5080,5): error MSB3021: Unable to copy file "C:\Users\user\OneDrive\Desktop\ShoexEcommerce\SheoxEcommerce.Infrastructure\bin\Debug\net8.0\SheoxEcommerce.Infrastructure.dll" to "bin\Debug\net8.0\SheoxEcommerce.Infrastructure.dll". The process cannot access the file 'C:\Users\user\OneDrive\Desktop\ShoexEcommerce\ShoexEcommerce\bin\Debug\net8.0\SheoxEcommerce.Infrastructure.dll' because it is being used by another process. [C:\Users\user\OneDrive\Desktop\ShoexEcommerce\ShoexEcommerce\ShoexEcommerce.API.csproj]
C:\Program Files\dotnet\sdk\10.0.103\Microsoft.Common.CurrentVersion.targets(5080,5): error MSB3021: Unable to copy file "C:\Users\user\OneDrive\Desktop\ShoexEcommerce\SheoxEcommerce.Application\bin\Debug\net8.0\SheoxEcommerce.Application.dll" to "bin\Debug\net8.0\SheoxEcommerce.Application.dll". The process cannot access the file 'C:\Users\user\OneDrive\Desktop\ShoexEcommerce\ShoexEcommerce\bin\Debug\net8.0\SheoxEcommerce.Application.dll' because it is being used by another process. [C:\Users\user\OneDrive\Desktop\ShoexEcommerce\ShoexEcommerce\ShoexEcommerce.API.csproj]
    20 Warning(s)
    4 Error(s)

Time Elapsed 00:00:13.90
